The '''E680i''' is pretty much the same as the [[E680]].  

== Kernel ==
MontaVista Linux Consumer Electronics Edition 3.0
Linux/armv5tel 2.4.20_mvlcee30-mainstone

== CPU ==
cat /proc/meminfo

 Processor       : Intel XScale-Bulverde rev 7 (v5l)||
 BogoMIPS        : 291.63
 Features        : swp half thumb fastmult edsp
 CPU implementor : 0x69
 CPU architecture: 5TE
 CPU variant     : 0x0
 CPU part        : 0x411
 CPU revision    : 7
 Cache type      : undefined 5
 Cache clean     : undefined 5
 Cache lockdown  : undefined 5
 Cache unified   : harvard
 I size          : 32768
 I assoc         : 32
 I line length   : 32
 I sets          : 32
 D size          : 32768
 D assoc         : 32
 D line length   : 32
 D sets          : 32
 Hardware        : Motorola Ezx Platform
 Revision        : 0000
 Serial          : 0000000000000000

== RAM == 
        total:    used:    free:  shared: buffers:  cached:
 Mem:  47722496 46157824  1564672        0   954368 24412160
 Swap:        0        0        0
 MemTotal:        46604 kB
 MemFree:          1528 kB
 MemShared:           0 kB
 Buffers:           932 kB
 Cached:          23840 kB
 SwapCached:          0 kB
 Active:          20832 kB
 Inactive:        17760 kB
 HighTotal:           0 kB
 HighFree:            0 kB
 LowTotal:        46604 kB
 LowFree:          1528 kB
 SwapTotal:           0 kB
 SwapFree:            0 kB
 Committed_AS:    58604 kB


[[Category:Hardware]]
[[Category:E680i]]
