This phone is also known as E690. Has Passed FCC (IHDT6GP1)
== Kernel ==
 MontaVista(R) Linux(R) Consumer Electronics Edition 3.1
 Linux/armv5tel 2.4.20_mvlcee31-mainstone_pxa27x

== CPU ==
 Processor       : Intel XScale-PXA27x rev 7 (v5l)
 BogoMIPS        : 311.28
 Features        : swp half thumb fastmult edsp
 CPU implementor : 0x69
 CPU architecture: 5TE
 CPU variant     : 0x0
 CPU part        : 0x411
 CPU revision    : 7
 Cache type      : undefined 5
 Cache clean     : undefined 5
 Cache lockdown  : undefined 5
 Cache unified   : harvard
 I size          : 32768
 I assoc         : 32
 I line length   : 32
 I sets          : 32
 D size          : 32768
 D assoc         : 32
 D line length   : 32
 D sets          : 32
 
 Hardware        : Motorola Ezx Platform
 Revision        : 0000
 Serial          : 0000000000000000

== RAM ==
         total:    used:    free:  shared: buffers:  cached:
 Mem:  47489024 45465600  2023424        0  1671168 23351296
 Swap:        0        0        0
 MemTotal:        46376 kB
 MemFree:          1976 kB
 MemShared:           0 kB
 Buffers:          1632 kB
 Cached:          22804 kB
 SwapCached:          0 kB
 Active:          20992 kB
 Inactive:        16004 kB
 HighTotal:           0 kB
 HighFree:            0 kB
 LowTotal:        46376 kB
 LowFree:          1976 kB
 SwapTotal:           0 kB
 SwapFree:            0 kB
 Committed_AS:    48704 kB
==  Flash Memory ==
/proc/roflash_info
 ROFLASH Driver status: Ready
 
 ROFLASH area name is rootfs
 ROFLASH area size = 27258880 bytes
 ROFLASH area offset = 6295552 bytes
 ROFLASH area l_x_b(10)
 ROFLASH area name is language
 ROFLASH area size = 11534336 bytes
 ROFLASH area offset = 28180480 bytes
 ROFLASH area l_x_b(1000)
 ROFLASH area name is data_resource
 ROFLASH area size = 10485760 bytes
 ROFLASH area offset = 1703936 bytes
 ROFLASH area l_x_b(1000)
 ROFLASH area name is setup
 ROFLASH area size = 131072 bytes
 ROFLASH area offset = 6160384 bytes
 ROFLASH area l_x_b(10)
 ROFLASH area name is secure_setup
 ROFLASH area size = 126976 bytes
 ROFLASH area offset = 26873856 bytes
 ROFLASH area l_x_b(1000)

And the partitions:
 Filesystem           1k-blocks      Used Available Use% Mounted on
 rootfs                   54972     54972         0 100% /
 /dev/root                54972     54972         0 100% /
 /dev/roflash1            15564     15564         0 100% /usr/language
 /dev/roflash2             7908      7908         0 100% /usr/data_resource
 /dev/roflash3              464       464         0 100% /usr/setup
 /dev/roflash4              156       156         0 100% /usr/securesetup
 /dev/mtdblock8            6144      1072      5072  18% /ezx_user
 /dev/mtdblock9            8064      3240      4824  41% /ezxlocal

MTD structure (/proc/mtd): 
 dev:    size   erasesize  name
 mtd0: 00008000 00008000 "CADDO_SECOND"
 mtd1: 00008000 00008000 "ITUNES"
 mtd2: 00008000 00008000 "CADDO_PRIMARY"
 mtd3: 00008000 00008000 "FOTA_REV"
 mtd4: 00040000 00020000 "MBM"
 mtd5: 00020000 00020000 "CONFIG"
 mtd6: 00020000 00020000 "BLOB"
 mtd7: 00100000 00020000 "KERNEL"
 mtd8: 00600000 00020000 "USERFS_DB"
 mtd9: 007e0000 00020000 "USERFS_GENERAL"
 mtd10: 00020000 00020000 "TEST_CMD"
 mtd11: 00020000 00020000 "LOGO"
 mtd12: 000c0000 00020000 "FOTA"
 mtd13: 00020000 00020000 "RESERVE"

== External Links ==

*[http://www.motorola.com.cn/E6/ Official Motorola RORK E6 site]
*[http://www.motorolafans.com/forums/viewforum.php?f=28 MotorolaFans E690 Forum]
*[http://www.linuxdevices.com/news/NS1989297486.html Mot readies Linux-based slim PDA phone for China]
